2026-07-08 00:55:23, MOVE, v:1, k:fup@cartas, mode:DOWN
2026-07-08 00:55:24, MOVE, v:1, k:fup@cartas, mode:PICK
2026-07-08 00:56:52, MOVE, v:1, k:fup@cartas, mode:PICK
2026-07-08 00:57:05, EXEC, v:1, k:fup@cartas, mode:FULL, rate:0, size:5
2026-07-08 00:57:04, MOVE, v:1, k:fup@cartas, mode:EDIT
2026-07-08 01:01:47, MOVE, v:1, k:fup@cartas, mode:EDIT
2026-07-08 01:03:27, EXEC, v:1, k:fup@cartas, mode:FULL, rate:0, size:23
2026-07-08 01:05:25, EXEC, v:1, k:fup@cartas, mode:FULL, rate:0, size:25
2026-07-08 01:05:59, EXEC, v:1, k:fup@cartas, mode:FULL, rate:0, size:26
2026-07-08 01:06:19, EXEC, v:1, k:fup@cartas, mode:FULL, rate:20, size:26
2026-07-08 01:06:38, EXEC, v:1, k:fup@cartas, mode:FULL, rate:20, size:28
2026-07-08 01:06:35, MOVE, v:1, k:fup@cartas, mode:EDIT
2026-07-08 01:06:37, MOVE, v:1, k:fup@cartas, mode:EDIT
2026-07-08 01:07:18, EXEC, v:1, k:fup@cartas, mode:FULL, rate:20, size:32
2026-07-08 01:07:59, EXEC, v:1, k:fup@cartas, mode:FULL, rate:100, size:34
2026-07-08 01:08:24, MOVE, v:1, k:fup@cartas, mode:BACK
2026-07-08 01:08:39, SELF, v:1, k:fup@cartas, self:1, rate:100, refactor:1
2026-07-08 01:08:47, MOVE, v:1, k:fup@invertendo, mode:DOWN
2026-07-08 01:08:48, MOVE, v:1, k:fup@invertendo, mode:PICK
2026-07-08 01:08:51, EXEC, v:1, k:fup@invertendo, mode:FULL, rate:0, size:5
2026-07-08 01:08:18, MOVE, v:1, k:fup@cartas, mode:EDIT
2026-07-08 01:07:58, MOVE, v:1, k:fup@cartas, mode:EDIT
2026-07-08 01:08:47, MOVE, v:1, k:fup@invertendo, mode:EDIT
2026-07-08 01:11:45, MOVE, v:1, k:fup@invertendo, mode:EDIT
2026-07-08 01:08:50, MOVE, v:1, k:fup@invertendo, mode:EDIT
2026-07-08 01:12:14, EXEC, v:1, k:fup@invertendo, mode:FULL, rate:0, size:17
2026-07-08 01:12:30, EXEC, v:1, k:fup@invertendo, mode:FULL, rate:100, size:17
2026-07-08 01:12:32, MOVE, v:1, k:fup@invertendo, mode:BACK
2026-07-08 01:12:42, SELF, v:1, k:fup@invertendo, self:1, rate:100, concept:1
2026-07-08 01:12:57, MOVE, v:1, k:fup@fila, mode:DOWN
2026-07-08 01:12:58, MOVE, v:1, k:fup@fila, mode:PICK
2026-07-08 01:14:03, EXEC, v:1, k:fup@fila, mode:FULL, rate:0, size:5
2026-07-08 01:12:57, MOVE, v:1, k:fup@fila, mode:EDIT
2026-07-08 01:17:40, MOVE, v:1, k:fup@fila, mode:EDIT
2026-07-08 01:14:02, MOVE, v:1, k:fup@fila, mode:EDIT
2026-07-08 01:18:52, EXEC, v:1, k:fup@fila, mode:FULL, rate:0, size:25
2026-07-08 01:19:26, EXEC, v:1, k:fup@fila, mode:FULL, rate:0, size:26
2026-07-08 01:20:06, EXEC, v:1, k:fup@fila, mode:FULL, rate:0, size:26
2026-07-08 01:20:33, EXEC, v:1, k:fup@fila, mode:FULL, rate:0, size:25
2026-07-08 01:22:05, EXEC, v:1, k:fup@fila, mode:FULL, rate:100, size:31
2026-07-08 01:22:07, MOVE, v:1, k:fup@fila, mode:BACK
2026-07-08 01:22:16, SELF, v:1, k:fup@fila, self:1, rate:100
2026-07-08 01:22:21, MOVE, v:1, k:fup@casais, mode:DOWN
2026-07-08 01:22:22, MOVE, v:1, k:fup@casais, mode:PICK
2026-07-08 01:22:25, EXEC, v:1, k:fup@casais, mode:FULL, rate:0, size:5
2026-07-08 01:22:27, EXEC, v:1, k:fup@casais, mode:FULL, rate:0
2026-07-08 01:22:02, MOVE, v:1, k:fup@fila, mode:EDIT
2026-07-08 01:22:05, MOVE, v:1, k:fup@fila, mode:EDIT
2026-07-08 01:22:21, MOVE, v:1, k:fup@casais, mode:EDIT
2026-07-08 01:22:34, MOVE, v:1, k:fup@casais, mode:EDIT
2026-07-08 01:22:27, MOVE, v:1, k:fup@casais, mode:EDIT
2026-07-08 01:27:44, MOVE, v:1, k:fup@casais, mode:EDIT
2026-07-08 01:29:27, EXEC, v:1, k:fup@casais, mode:FULL, rate:50, size:30
2026-07-08 01:31:25, EXEC, v:1, k:fup@casais, mode:FULL, rate:0, size:31
2026-07-08 01:31:59, EXEC, v:1, k:fup@casais, mode:FULL, rate:0, size:31
2026-07-08 01:32:12, EXEC, v:1, k:fup@casais, mode:FULL, rate:25, size:31
2026-07-08 01:32:10, MOVE, v:1, k:fup@casais, mode:EDIT
2026-07-08 01:32:12, MOVE, v:1, k:fup@casais, mode:EDIT
2026-07-08 01:33:01, EXEC, v:1, k:fup@casais, mode:FULL, rate:25, size:31
2026-07-08 01:33:05, EXEC, v:1, k:fup@casais, mode:FULL, rate:25
2026-07-08 01:33:29, EXEC, v:1, k:fup@casais, mode:FULL, rate:100, size:31
2026-07-08 01:33:30, MOVE, v:1, k:fup@casais, mode:BACK
2026-07-08 01:33:41, SELF, v:1, k:fup@casais, self:1, rate:100
2026-07-08 01:33:46, MOVE, v:1, k:fup@exemplares, mode:DOWN
2026-07-08 01:33:47, MOVE, v:1, k:fup@exemplares, mode:PICK
2026-07-08 01:33:51, EXEC, v:1, k:fup@exemplares, mode:FULL, rate:0, size:5
2026-07-08 01:33:26, MOVE, v:1, k:fup@casais, mode:EDIT
2026-07-08 01:33:28, MOVE, v:1, k:fup@casais, mode:EDIT
2026-07-08 01:33:46, MOVE, v:1, k:fup@exemplares, mode:EDIT
2026-07-08 01:37:41, MOVE, v:1, k:fup@exemplares, mode:EDIT
2026-07-08 01:33:50, MOVE, v:1, k:fup@exemplares, mode:EDIT
2026-07-08 01:42:49, MOVE, v:1, k:fup@exemplares, mode:EDIT
2026-07-08 01:45:33, EXEC, v:1, k:fup@exemplares, mode:FULL, rate:0, size:39
2026-07-08 01:45:42, EXEC, v:1, k:fup@exemplares, mode:FULL, rate:0, size:39
2026-07-08 01:46:08, EXEC, v:1, k:fup@exemplares, mode:FULL, rate:0, size:42
2026-07-08 01:46:19, EXEC, v:1, k:fup@exemplares, mode:FULL, rate:0, size:42
2026-07-08 01:46:40, EXEC, v:1, k:fup@exemplares, mode:FULL, rate:100, size:43
2026-07-08 01:46:41, MOVE, v:1, k:fup@exemplares, mode:BACK
2026-07-08 01:46:46, SELF, v:1, k:fup@exemplares, self:1, rate:100
2026-07-08 01:46:36, MOVE, v:1, k:fup@exemplares, mode:EDIT
2026-07-08 01:46:39, MOVE, v:1, k:fup@exemplares, mode:EDIT
2026-07-08 17:36:59, MOVE, v:1, k:fup@mediana, mode:DOWN
2026-07-08 17:37:02, MOVE, v:1, k:fup@mediana, mode:PICK
2026-07-08 17:37:44, EXEC, v:1, k:fup@mediana, mode:FULL, rate:0, size:5
2026-07-08 17:36:59, MOVE, v:1, k:fup@mediana, mode:EDIT
2026-07-08 17:40:26, MOVE, v:1, k:fup@mediana, mode:EDIT
2026-07-08 17:37:43, MOVE, v:1, k:fup@mediana, mode:EDIT
2026-07-08 17:43:53, EXEC, v:1, k:fup@mediana, mode:FULL, rate:40, size:19
2026-07-08 17:43:50, MOVE, v:1, k:fup@mediana, mode:EDIT
2026-07-08 17:43:52, MOVE, v:1, k:fup@mediana, mode:EDIT
2026-07-08 17:50:02, EXEC, v:1, k:fup@mediana, mode:FULL, rate:100, size:28
2026-07-08 17:50:04, MOVE, v:1, k:fup@mediana, mode:BACK
2026-07-08 17:50:12, SELF, v:1, k:fup@mediana, self:1, rate:100, concept:1
2026-07-08 17:50:17, SELF, v:1, k:fup@mediana, self:1, rate:100, concept:1
2026-07-08 17:50:35, MOVE, v:1, k:fup@medico, mode:DOWN
2026-07-08 17:50:36, MOVE, v:1, k:fup@medico, mode:PICK
2026-07-08 17:49:55, MOVE, v:1, k:fup@mediana, mode:EDIT
2026-07-08 17:50:01, MOVE, v:1, k:fup@mediana, mode:EDIT
2026-07-08 17:50:35, MOVE, v:1, k:fup@medico, mode:EDIT
2026-07-08 17:50:35, MOVE, v:1, k:fup@medico, mode:EDIT
2026-07-08 17:50:46, EXEC, v:1, k:fup@medico, mode:FULL, rate:0, size:5
2026-07-08 17:55:37, MOVE, v:1, k:fup@medico, mode:EDIT
2026-07-08 17:50:45, MOVE, v:1, k:fup@medico, mode:EDIT
2026-07-08 17:57:08, EXEC, v:1, k:fup@medico, mode:FULL, rate:20, size:27
2026-07-08 17:58:05, EXEC, v:1, k:fup@medico, mode:FULL, rate:20, size:30
2026-07-08 17:58:17, EXEC, v:1, k:fup@medico, mode:FULL, rate:20
2026-07-08 17:58:34, EXEC, v:1, k:fup@medico, mode:FULL, rate:20
2026-07-08 17:59:02, EXEC, v:1, k:fup@medico, mode:FULL, rate:100, size:30
2026-07-08 17:59:05, MOVE, v:1, k:fup@medico, mode:BACK
2026-07-08 17:59:19, SELF, v:1, k:fup@medico, self:1, rate:100, concept:1, refactor:1
2026-07-08 17:59:47, MOVE, v:1, k:fup@bingo, mode:DOWN
2026-07-08 17:59:50, MOVE, v:1, k:fup@bingo, mode:PICK
2026-07-08 18:00:02, EXEC, v:1, k:fup@bingo, mode:FULL, rate:0, size:6
2026-07-08 17:58:59, MOVE, v:1, k:fup@medico, mode:EDIT
2026-07-08 17:59:01, MOVE, v:1, k:fup@medico, mode:EDIT
2026-07-08 17:59:47, MOVE, v:1, k:fup@bingo, mode:EDIT
2026-07-08 18:00:05, MOVE, v:1, k:fup@bingo, mode:EDIT
2026-07-08 18:00:01, MOVE, v:1, k:fup@bingo, mode:EDIT
2026-07-08 18:05:40, MOVE, v:1, k:fup@bingo, mode:EDIT
2026-07-08 18:10:40, MOVE, v:1, k:fup@bingo, mode:EDIT
2026-07-08 18:12:32, EXEC, v:1, k:fup@bingo, mode:FULL, rate:100, size:31
2026-07-08 18:12:34, MOVE, v:1, k:fup@bingo, mode:BACK
2026-07-08 18:12:42, SELF, v:1, k:fup@bingo, self:1, rate:100, concept:1, refactor:1
2026-07-08 18:17:44, MOVE, v:1, k:fup@imperador, mode:DOWN
2026-07-08 18:17:45, MOVE, v:1, k:fup@imperador, mode:PICK
2026-07-08 18:17:48, EXEC, v:1, k:fup@imperador, mode:FULL, rate:0, size:5
2026-07-08 18:17:44, MOVE, v:1, k:fup@imperador, mode:EDIT
2026-07-08 18:17:44, MOVE, v:1, k:fup@imperador, mode:EDIT
2026-07-08 18:17:47, MOVE, v:1, k:fup@imperador, mode:EDIT
2026-07-08 18:18:55, MOVE, v:1, k:fup@imperador, mode:BACK
2026-07-08 18:19:08, SELF, v:1, k:fup@bingo, self:1, rate:100, concept:1
2026-07-08 18:19:10, MOVE, v:1, k:fup@imperador, mode:PICK
2026-07-08 18:19:12, EXEC, v:1, k:fup@imperador, mode:FULL, rate:0
2026-07-08 18:22:52, MOVE, v:1, k:fup@imperador, mode:EDIT
2026-07-08 18:19:11, MOVE, v:1, k:fup@imperador, mode:EDIT
2026-07-08 18:24:59, EXEC, v:1, k:fup@imperador, mode:FULL, size:21, fail:COMP
2026-07-08 18:25:16, EXEC, v:1, k:fup@imperador, mode:FULL, rate:0, size:21
2026-07-08 18:25:26, EXEC, v:1, k:fup@imperador, mode:FULL, rate:0, size:21
2026-07-08 18:25:47, EXEC, v:1, k:fup@imperador, mode:FULL, rate:0, size:21
2026-07-08 18:25:59, EXEC, v:1, k:fup@imperador, mode:FULL, rate:0, size:22
2026-07-08 18:25:56, MOVE, v:1, k:fup@imperador, mode:EDIT
2026-07-08 18:25:58, MOVE, v:1, k:fup@imperador, mode:EDIT
2026-07-08 18:32:59, MOVE, v:1, k:fup@imperador, mode:EDIT
2026-07-08 18:34:01, EXEC, v:1, k:fup@imperador, mode:FULL, rate:36, size:34
2026-07-08 18:37:56, MOVE, v:1, k:fup@imperador, mode:EDIT
2026-07-08 18:34:00, MOVE, v:1, k:fup@imperador, mode:EDIT
2026-07-08 18:39:08, EXEC, v:1, k:fup@imperador, mode:FULL, rate:81, size:44
2026-07-08 18:41:25, EXEC, v:1, k:fup@imperador, mode:FULL, rate:100, size:48
2026-07-08 18:41:26, MOVE, v:1, k:fup@imperador, mode:BACK
2026-07-08 18:41:34, SELF, v:1, k:fup@imperador, self:1, rate:100, concept:1, refactor:1
2026-07-08 18:41:36, MOVE, v:1, k:fup@imperador, mode:PICK
2026-07-08 18:41:38, EXEC, v:1, k:fup@imperador, mode:FULL, rate:100
2026-07-08 18:41:22, MOVE, v:1, k:fup@imperador, mode:EDIT
2026-07-08 18:41:37, MOVE, v:1, k:fup@imperador, mode:EDIT
2026-07-08 18:43:24, MOVE, v:1, k:fup@imperador, mode:BACK
