2026-07-12 01:40:25, MOVE, v:1, k:fup@coluna, mode:DOWN
2026-07-12 01:40:29, MOVE, v:1, k:fup@coluna, mode:PICK
2026-07-12 01:40:33, EXEC, v:1, k:fup@coluna, mode:FULL, rate:0, size:5
2026-07-12 01:44:19, EXEC, v:1, k:fup@coluna, mode:FULL, rate:0, size:16
2026-07-12 01:44:46, EXEC, v:1, k:fup@coluna, mode:FULL, rate:0, size:16
2026-07-12 01:40:25, MOVE, v:1, k:fup@coluna, mode:EDIT
2026-07-12 01:44:42, MOVE, v:1, k:fup@coluna, mode:EDIT
2026-07-12 01:44:45, MOVE, v:1, k:fup@coluna, mode:EDIT
2026-07-12 01:47:49, EXEC, v:1, k:fup@coluna, mode:FULL, rate:50, size:32
2026-07-12 01:50:06, EXEC, v:1, k:fup@coluna, mode:FULL, rate:100, size:32
2026-07-12 01:50:08, MOVE, v:1, k:fup@coluna, mode:BACK
2026-07-12 01:50:16, SELF, v:1, k:fup@coluna, self:1, rate:100, concept:1
2026-07-12 01:50:01, MOVE, v:1, k:fup@coluna, mode:EDIT
2026-07-12 01:50:05, MOVE, v:1, k:fup@coluna, mode:EDIT
2026-07-12 01:50:29, MOVE, v:1, k:fup@quadrado, mode:DOWN
2026-07-12 01:50:30, MOVE, v:1, k:fup@quadrado, mode:PICK
2026-07-12 01:50:32, EXEC, v:1, k:fup@quadrado, mode:FULL, rate:0, size:5
2026-07-12 01:50:35, MOVE, v:1, k:fup@quadrado, mode:BACK
2026-07-12 01:50:39, MOVE, v:1, k:fup@quadrado, mode:PICK
2026-07-12 01:50:41, EXEC, v:1, k:fup@quadrado, mode:FULL, rate:0
2026-07-12 01:50:29, MOVE, v:1, k:fup@quadrado, mode:EDIT
2026-07-12 01:50:48, MOVE, v:1, k:fup@quadrado, mode:EDIT
2026-07-12 01:50:41, MOVE, v:1, k:fup@quadrado, mode:EDIT
2026-07-12 01:57:54, MOVE, v:1, k:fup@quadrado, mode:EDIT
2026-07-12 02:03:39, EXEC, v:1, k:fup@quadrado, mode:FULL, rate:33, size:26
2026-07-12 02:05:04, EXEC, v:1, k:fup@quadrado, mode:FULL, rate:33, size:38
2026-07-12 02:05:22, MOVE, v:1, k:fup@quadrado, mode:EDIT
2026-07-12 02:05:03, MOVE, v:1, k:fup@quadrado, mode:EDIT
2026-07-12 02:07:39, EXEC, v:1, k:fup@quadrado, mode:FULL, rate:100, size:60
2026-07-12 02:07:41, MOVE, v:1, k:fup@quadrado, mode:BACK
2026-07-12 02:07:48, SELF, v:1, k:fup@quadrado, self:1, rate:100, concept:1, refactor:1
2026-07-12 02:07:49, MOVE, v:1, k:fup@quadrado, mode:PICK
2026-07-12 02:07:52, EXEC, v:1, k:fup@quadrado, mode:FULL, rate:100
2026-07-12 02:09:32, MOVE, v:1, k:fup@quadrado, mode:BACK
2026-07-12 02:10:39, MOVE, v:1, k:fup@boletim, mode:DOWN
2026-07-12 02:10:40, MOVE, v:1, k:fup@boletim, mode:PICK
2026-07-12 02:10:42, EXEC, v:1, k:fup@boletim, mode:FULL, rate:0, size:5
2026-07-12 02:10:39, MOVE, v:1, k:fup@boletim, mode:EDIT
2026-07-12 02:10:53, MOVE, v:1, k:fup@boletim, mode:EDIT
2026-07-12 02:10:42, MOVE, v:1, k:fup@boletim, mode:EDIT
2026-07-12 02:18:50, MOVE, v:1, k:fup@boletim, mode:EDIT
2026-07-12 02:22:57, EXEC, v:1, k:fup@boletim, mode:FULL, rate:100, size:22
2026-07-12 02:22:53, MOVE, v:1, k:fup@boletim, mode:EDIT
2026-07-12 02:22:56, MOVE, v:1, k:fup@boletim, mode:EDIT
2026-07-12 02:25:23, MOVE, v:1, k:fup@boletim, mode:BACK
2026-07-12 02:25:29, SELF, v:1, k:fup@boletim, self:1, rate:100, concept:1, refactor:1
