2026-07-04 23:09:57, MOVE, v:1, k:fup@poco, mode:DOWN
2026-07-04 23:10:01, MOVE, v:1, k:fup@poco, mode:PICK
2026-07-04 23:10:10, EXEC, v:1, k:fup@poco, mode:FULL, rate:0, size:5
2026-07-04 23:13:15, MOVE, v:1, k:fup@poco, mode:BACK
2026-07-04 23:13:21, MOVE, v:1, k:fup@sapinho, mode:PICK
2026-07-04 23:13:24, EXEC, v:1, k:fup@sapinho, mode:FULL, rate:100
2026-07-04 23:14:06, MOVE, v:1, k:fup@sapinho, mode:BACK
2026-07-04 23:14:10, MOVE, v:1, k:fup@poco, mode:PICK
2026-07-04 23:14:14, EXEC, v:1, k:fup@poco, mode:FULL, rate:0, size:7
2026-07-04 23:09:57, MOVE, v:1, k:fup@poco, mode:EDIT
2026-07-04 23:14:45, MOVE, v:1, k:fup@poco, mode:EDIT
2026-07-04 23:14:13, MOVE, v:1, k:fup@poco, mode:EDIT
2026-07-04 23:13:21, MOVE, v:1, k:fup@sapinho, mode:EDIT
2026-07-04 23:13:26, MOVE, v:1, k:fup@sapinho, mode:EDIT
2026-07-04 23:13:23, MOVE, v:1, k:fup@sapinho, mode:EDIT
2026-07-04 23:16:43, EXEC, v:1, k:fup@poco, mode:FULL, rate:0, size:10
2026-07-04 23:18:39, MOVE, v:1, k:fup@poco, mode:PICK
2026-07-04 23:18:43, EXEC, v:1, k:fup@poco, mode:FULL, rate:0, size:18
2026-07-04 23:19:29, EXEC, v:1, k:fup@poco, mode:FULL, rate:0, size:21
2026-07-04 23:20:07, EXEC, v:1, k:fup@poco, mode:FULL, rate:0, size:25
2026-07-04 23:20:22, EXEC, v:1, k:fup@poco, mode:FULL, rate:0, size:27
2026-07-04 23:21:12, EXEC, v:1, k:fup@poco, mode:FULL, rate:0, size:27
2026-07-04 23:22:32, EXEC, v:1, k:fup@poco, mode:FULL, rate:0, size:29
2026-07-04 23:22:31, MOVE, v:1, k:fup@poco, mode:EDIT
2026-07-04 23:22:28, MOVE, v:1, k:fup@poco, mode:EDIT
2026-07-04 23:25:05, EXEC, v:1, k:fup@poco, mode:FULL, rate:0, size:28
2026-07-04 23:26:43, MOVE, v:1, k:fup@poco, mode:PICK
2026-07-04 23:27:55, MOVE, v:1, k:fup@poco, mode:PICK
2026-07-04 23:29:42, MOVE, v:1, k:fup@fatores, mode:PICK
2026-07-04 23:29:44, EXEC, v:1, k:fup@fatores, mode:FULL, rate:100
2026-07-04 23:29:45, MOVE, v:1, k:fup@fatores, mode:BACK
2026-07-04 23:29:47, MOVE, v:1, k:fup@poco, mode:PICK
2026-07-04 23:35:48, MOVE, v:1, k:fup@poco, mode:PICK
2026-07-04 23:35:51, EXEC, v:1, k:fup@poco, mode:FULL, rate:0, size:29
2026-07-04 23:36:02, EXEC, v:1, k:fup@poco, mode:FULL, rate:33, size:28
2026-07-04 23:37:36, EXEC, v:1, k:fup@poco, mode:FULL, rate:33, size:28
2026-07-04 23:39:13, EXEC, v:1, k:fup@poco, mode:FULL, rate:66, size:28
2026-07-04 23:39:10, MOVE, v:1, k:fup@poco, mode:EDIT
2026-07-04 23:39:12, MOVE, v:1, k:fup@poco, mode:EDIT
2026-07-04 23:41:06, EXEC, v:1, k:fup@poco, mode:FULL, rate:100, size:29
2026-07-04 23:41:08, MOVE, v:1, k:fup@poco, mode:BACK
2026-07-04 23:41:16, SELF, v:1, k:fup@poco, self:1, rate:100, concept:1, refactor:1
2026-07-04 23:41:20, MOVE, v:1, k:fup@afogado, mode:DOWN
2026-07-04 23:41:21, MOVE, v:1, k:fup@afogado, mode:PICK
2026-07-04 23:41:24, EXEC, v:1, k:fup@afogado, mode:FULL, rate:0, size:5
2026-07-04 23:41:02, MOVE, v:1, k:fup@poco, mode:EDIT
2026-07-04 23:41:05, MOVE, v:1, k:fup@poco, mode:EDIT
2026-07-04 23:41:20, MOVE, v:1, k:fup@afogado, mode:EDIT
2026-07-04 23:44:24, MOVE, v:1, k:fup@afogado, mode:EDIT
2026-07-04 23:41:23, MOVE, v:1, k:fup@afogado, mode:EDIT
2026-07-04 23:44:34, EXEC, v:1, k:fup@afogado, mode:FULL, size:21, fail:COMP
2026-07-04 23:44:58, EXEC, v:1, k:fup@afogado, mode:FULL, rate:0, size:22
2026-07-04 23:48:07, MOVE, v:1, k:fup@afogado, mode:PICK
2026-07-04 23:48:09, EXEC, v:1, k:fup@afogado, mode:FULL, rate:100, size:36
2026-07-04 23:48:13, MOVE, v:1, k:fup@afogado, mode:BACK
2026-07-04 23:48:25, SELF, v:1, k:fup@afogado, self:1, rate:100, refactor:1
2026-07-04 23:49:45, MOVE, v:1, k:fup@xuxa, mode:PICK
2026-07-04 23:49:48, EXEC, v:1, k:fup@xuxa, mode:FULL, rate:0
2026-07-04 23:49:45, MOVE, v:1, k:fup@xuxa, mode:EDIT
2026-07-04 23:52:58, MOVE, v:1, k:fup@xuxa, mode:EDIT
2026-07-04 23:49:47, MOVE, v:1, k:fup@xuxa, mode:EDIT
2026-07-04 23:54:23, MOVE, v:1, k:fup@xuxa, mode:BACK
2026-07-04 23:55:29, MOVE, v:1, k:fup@xuxa, mode:PICK
2026-07-04 23:55:31, EXEC, v:1, k:fup@xuxa, mode:FULL, size:12, fail:COMP
2026-07-04 23:56:55, EXEC, v:1, k:fup@xuxa, mode:FULL, rate:0, size:15
2026-07-04 23:57:31, MOVE, v:1, k:fup@xuxa, mode:BACK
2026-07-04 23:57:43, MOVE, v:1, k:fup@pedra_struct, mode:DOWN
2026-07-04 23:57:44, MOVE, v:1, k:fup@pedra_struct, mode:PICK
2026-07-04 23:57:47, EXEC, v:1, k:fup@pedra_struct, mode:FULL, rate:0, size:5
2026-07-04 23:56:49, MOVE, v:1, k:fup@xuxa, mode:EDIT
2026-07-04 23:56:54, MOVE, v:1, k:fup@xuxa, mode:EDIT
2026-07-04 23:57:43, MOVE, v:1, k:fup@pedra_struct, mode:EDIT
2026-07-04 23:57:52, MOVE, v:1, k:fup@pedra_struct, mode:EDIT
2026-07-04 23:57:46, MOVE, v:1, k:fup@pedra_struct, mode:EDIT
